[   60747.437684] EV_KEY       BTN_TOUCH            DOWN                
[   60747.437684] EV_ABS       ABS_MT_TRACKING_ID   000008c0            
[   60747.437684] EV_ABS       ABS_MT_POSITION_X    000000ef            
[   60747.437684] EV_ABS       ABS_MT_POSITION_Y    0000069f            
[   60747.437684] EV_ABS       ABS_MT_TOUCH_MAJOR   0000007a            
[   60747.437684] EV_ABS       ABS_MT_TOUCH_MINOR   00000060            
[   60747.437684] EV_ABS       ABS_MT_PRESSURE      00000024            
[   60747.437684] EV_ABS       ABS_MT_ORIENTATION   00000cae            
[   60747.437684] EV_SYN       SYN_REPORT           00000000            
[   60747.448386] EV_ABS       ABS_MT_TOUCH_MINOR   00000061            
[   60747.448386] EV_ABS       ABS_MT_ORIENTATION   00000d1c            
[   60747.448386] EV_SYN       SYN_REPORT           00000000            
[   60747.453858] EV_ABS       ABS_MT_PRESSURE      00000025            
[   60747.453858] EV_ABS       ABS_MT_ORIENTATION   00000d68            
[   60747.453858] EV_SYN       SYN_REPORT           00000000            
[   60747.459112] EV_ABS       ABS_MT_TOUCH_MAJOR   0000007b            
[   60747.459112] EV_ABS       ABS_MT_TOUCH_MINOR   00000062            
[   60747.459112] EV_ABS       ABS_MT_ORIENTATION   00000da6            
[   60747.459112] EV_SYN       SYN_REPORT           00000000            
[   60747.464583] EV_ABS       ABS_MT_TOUCH_MAJOR   0000007c            
[   60747.464583] EV_ABS       ABS_MT_TOUCH_MINOR   00000063            
[   60747.464583] EV_ABS       ABS_MT_ORIENTATION   00000dd9            
[   60747.464583] EV_SYN       SYN_REPORT           00000000            
[   60747.469839] EV_ABS       ABS_MT_PRESSURE      00000026            
[   60747.469839] EV_ABS       ABS_MT_ORIENTATION   00000df6            
[   60747.469839] EV_SYN       SYN_REPORT           00000000            
[   60747.475275] EV_ABS       ABS_MT_TOUCH_MAJOR   0000007d            
[   60747.475275] EV_ABS       ABS_MT_TOUCH_MINOR   00000064            
[   60747.475275] EV_ABS       ABS_MT_ORIENTATION   00000e0d            
[   60747.475275] EV_SYN       SYN_REPORT           00000000            
[   60747.480559] EV_ABS       ABS_MT_PRESSURE      00000027            
[   60747.480559] EV_ABS       ABS_MT_ORIENTATION   00000e1e            
[   60747.480559] EV_SYN       SYN_REPORT           00000000            
[   60747.486082] EV_ABS       ABS_MT_TOUCH_MAJOR   0000007e            
[   60747.486082] EV_ABS       ABS_MT_TOUCH_MINOR   00000065            
[   60747.486082] EV_ABS       ABS_MT_ORIENTATION   00000e2a            
[   60747.486082] EV_SYN       SYN_REPORT           00000000            
[   60747.491332] EV_ABS       ABS_MT_ORIENTATION   00000e32            
[   60747.491332] EV_SYN       SYN_REPORT           00000000            
[   60747.496709] EV_ABS       ABS_MT_TOUCH_MAJOR   0000007f            
[   60747.496709] EV_ABS       ABS_MT_TOUCH_MINOR   00000066            
[   60747.496709] EV_ABS       ABS_MT_PRESSURE      00000028            
[   60747.496709] EV_ABS       ABS_MT_ORIENTATION   00000e39            
[   60747.496709] EV_SYN       SYN_REPORT           00000000            
[   60747.502014] EV_ABS       ABS_MT_ORIENTATION   00000e40            
[   60747.502014] EV_SYN       SYN_REPORT           00000000            
[   60747.507356] EV_ABS       ABS_MT_TOUCH_MAJOR   00000080            
[   60747.507356] EV_ABS       ABS_MT_ORIENTATION   00000e46            
[   60747.507356] EV_SYN       SYN_REPORT           00000000            
[   60747.512622] EV_ABS       ABS_MT_ORIENTATION   00000e4e            
[   60747.512622] EV_SYN       SYN_REPORT           00000000            
[   60747.518050] EV_ABS       ABS_MT_TOUCH_MINOR   00000067            
[   60747.518050] EV_ABS       ABS_MT_PRESSURE      00000029            
[   60747.518050] EV_ABS       ABS_MT_ORIENTATION   00000e55            
[   60747.518050] EV_SYN       SYN_REPORT           00000000            
[   60747.523317] EV_ABS       ABS_MT_ORIENTATION   00000e5c            
[   60747.523317] EV_SYN       SYN_REPORT           00000000            
[   60747.528761] EV_ABS       ABS_MT_TOUCH_MAJOR   00000081            
[   60747.528761] EV_ABS       ABS_MT_TOUCH_MINOR   00000068            
[   60747.528761] EV_ABS       ABS_MT_ORIENTATION   00000e5f            
[   60747.528761] EV_SYN       SYN_REPORT           00000000            
[   60747.534116] EV_ABS       ABS_MT_POSITION_Y    0000069d            
[   60747.534116] EV_ABS       ABS_MT_TOUCH_MAJOR   00000082            
[   60747.534116] EV_ABS       ABS_MT_TOUCH_MINOR   00000069            
[   60747.534116] EV_ABS       ABS_MT_PRESSURE      0000002a            
[   60747.534116] EV_SYN       SYN_REPORT           00000000            
[   60747.539645] EV_ABS       ABS_MT_TOUCH_MAJOR   00000083            
[   60747.539645] EV_ABS       ABS_MT_TOUCH_MINOR   0000006a            
[   60747.539645] EV_ABS       ABS_MT_PRESSURE      0000002b            
[   60747.539645] EV_SYN       SYN_REPORT           00000000            
[   60747.544918] EV_ABS       ABS_MT_POSITION_Y    00000699            
[   60747.544918] EV_ABS       ABS_MT_TOUCH_MAJOR   00000084            
[   60747.544918] EV_ABS       ABS_MT_TOUCH_MINOR   0000006d            
[   60747.544918] EV_ABS       ABS_MT_PRESSURE      0000002d            
[   60747.544918] EV_ABS       ABS_MT_ORIENTATION   00000df1            
[   60747.544918] EV_SYN       SYN_REPORT           00000000            
[   60747.550278] EV_ABS       ABS_MT_POSITION_Y    00000694            
[   60747.550278] EV_ABS       ABS_MT_TOUCH_MAJOR   00000088            
[   60747.550278] EV_ABS       ABS_MT_TOUCH_MINOR   00000072            
[   60747.550278] EV_ABS       ABS_MT_PRESSURE      00000030            
[   60747.550278] EV_ABS       ABS_MT_ORIENTATION   00000d5e            
[   60747.550278] EV_SYN       SYN_REPORT           00000000            
[   60747.555608] EV_ABS       ABS_MT_POSITION_Y    0000068e            
[   60747.555608] EV_ABS       ABS_MT_TOUCH_MAJOR   0000008b            
[   60747.555608] EV_ABS       ABS_MT_TOUCH_MINOR   00000077            
[   60747.555608] EV_ABS       ABS_MT_PRESSURE      00000033            
[   60747.555608] EV_ABS       ABS_MT_ORIENTATION   00000ca8            
[   60747.555608] EV_SYN       SYN_REPORT           00000000            
[   60747.560950] EV_ABS       ABS_MT_POSITION_Y    00000687            
[   60747.560950] EV_ABS       ABS_MT_TOUCH_MAJOR   0000008d            
[   60747.560950] EV_ABS       ABS_MT_TOUCH_MINOR   00000079            
[   60747.560950] EV_ABS       ABS_MT_PRESSURE      00000034            
[   60747.560950] EV_ABS       ABS_MT_ORIENTATION   00000bf1            
[   60747.560950] EV_SYN       SYN_REPORT           00000000            
[   60747.566228] EV_ABS       ABS_MT_POSITION_Y    00000680            
[   60747.566228] EV_ABS       ABS_MT_TOUCH_MAJOR   0000008e            
[   60747.566228] EV_ABS       ABS_MT_TOUCH_MINOR   0000007a            
[   60747.566228] EV_ABS       ABS_MT_PRESSURE      00000035            
[   60747.566228] EV_ABS       ABS_MT_ORIENTATION   00000b3b            
[   60747.566228] EV_SYN       SYN_REPORT           00000000            
[   60747.571466] EV_ABS       ABS_MT_POSITION_X    000000ee            
[   60747.571466] EV_ABS       ABS_MT_POSITION_Y    00000678            
[   60747.571466] EV_ABS       ABS_MT_TOUCH_MINOR   0000007b            
[   60747.571466] EV_ABS       ABS_MT_PRESSURE      00000036            
[   60747.571466] EV_ABS       ABS_MT_ORIENTATION   00000aa6            
[   60747.571466] EV_SYN       SYN_REPORT           00000000            
[   60747.576707] EV_ABS       ABS_MT_POSITION_Y    0000066f            
[   60747.576707] EV_ABS       ABS_MT_ORIENTATION   00000aac            
[   60747.576707] EV_SYN       SYN_REPORT           00000000            
[   60747.582059] EV_ABS       ABS_MT_POSITION_X    000000ed            
[   60747.582059] EV_ABS       ABS_MT_POSITION_Y    00000666            
[   60747.582059] EV_ABS       ABS_MT_ORIENTATION   00000a0a            
[   60747.582059] EV_SYN       SYN_REPORT           00000000            
[   60747.587501] EV_ABS       ABS_MT_POSITION_Y    0000065b            
[   60747.587501] EV_ABS       ABS_MT_TOUCH_MAJOR   0000008f            
[   60747.587501] EV_ABS       ABS_MT_TOUCH_MINOR   0000007c            
[   60747.587501] EV_ABS       ABS_MT_PRESSURE      00000037            
[   60747.587501] EV_ABS       ABS_MT_ORIENTATION   00000974            
[   60747.587501] EV_SYN       SYN_REPORT           00000000            
[   60747.592877] EV_ABS       ABS_MT_POSITION_Y    00000651            
[   60747.592877] EV_ABS       ABS_MT_TOUCH_MAJOR   00000091            
[   60747.592877] EV_ABS       ABS_MT_TOUCH_MINOR   0000007e            
[   60747.592877] EV_ABS       ABS_MT_PRESSURE      00000038            
[   60747.592877] EV_ABS       ABS_MT_ORIENTATION   000008be            
[   60747.592877] EV_SYN       SYN_REPORT           00000000            
[   60747.598175] EV_ABS       ABS_MT_POSITION_Y    00000644            
[   60747.598175] EV_ABS       ABS_MT_TOUCH_MAJOR   00000092            
[   60747.598175] EV_ABS       ABS_MT_TOUCH_MINOR   0000007f            
[   60747.598175] EV_ABS       ABS_MT_PRESSURE      00000039            
[   60747.598175] EV_ABS       ABS_MT_ORIENTATION   00000807            
[   60747.598175] EV_SYN       SYN_REPORT           00000000            
[   60747.603487] EV_ABS       ABS_MT_POSITION_Y    00000635            
[   60747.603487] EV_ABS       ABS_MT_PRESSURE      0000003a            
[   60747.603487] EV_ABS       ABS_MT_ORIENTATION   000007fb            
[   60747.603487] EV_SYN       SYN_REPORT           00000000            
[   60747.608597] EV_ABS       ABS_MT_POSITION_Y    00000626            
[   60747.608597] EV_ABS       ABS_MT_ORIENTATION   00000847            
[   60747.608597] EV_SYN       SYN_REPORT           00000000            
[   60747.614019] EV_ABS       ABS_MT_POSITION_X    000000eb            
[   60747.614019] EV_ABS       ABS_MT_POSITION_Y    00000619            
[   60747.614019] EV_ABS       ABS_MT_ORIENTATION   000008fd            
[   60747.614019] EV_SYN       SYN_REPORT           00000000            
[   60747.619342] EV_ABS       ABS_MT_POSITION_X    000000ea            
[   60747.619342] EV_ABS       ABS_MT_POSITION_Y    0000060e            
[   60747.619342] EV_ABS       ABS_MT_ORIENTATION   000009ac            
[   60747.619342] EV_SYN       SYN_REPORT           00000000            
[   60747.624812] EV_ABS       ABS_MT_POSITION_X    000000e9            
[   60747.624812] EV_ABS       ABS_MT_POSITION_Y    00000602            
[   60747.624812] EV_ABS       ABS_MT_ORIENTATION   000009ba            
[   60747.624812] EV_SYN       SYN_REPORT           00000000            
[   60747.630115] EV_ABS       ABS_MT_POSITION_X    000000e8            
[   60747.630115] EV_ABS       ABS_MT_POSITION_Y    000005f6            
[   60747.630115] EV_ABS       ABS_MT_TOUCH_MINOR   00000080            
[   60747.630115] EV_SYN       SYN_REPORT           00000000            
[   60747.635512] EV_ABS       ABS_MT_POSITION_X    000000e6            
[   60747.635512] EV_ABS       ABS_MT_POSITION_Y    000005e9            
[   60747.635512] EV_SYN       SYN_REPORT           00000000            
[   60747.640665] EV_ABS       ABS_MT_POSITION_X    000000e3            
[   60747.640665] EV_ABS       ABS_MT_POSITION_Y    000005dc            
[   60747.640665] EV_ABS       ABS_MT_ORIENTATION   000009c6            
[   60747.640665] EV_SYN       SYN_REPORT           00000000            
[   60747.646008] EV_ABS       ABS_MT_POSITION_X    000000df            
[   60747.646008] EV_ABS       ABS_MT_POSITION_Y    000005ce            
[   60747.646008] EV_ABS       ABS_MT_ORIENTATION   00000a15            
[   60747.646008] EV_SYN       SYN_REPORT           00000000            
[   60747.651459] EV_ABS       ABS_MT_POSITION_X    000000dc            
[   60747.651459] EV_ABS       ABS_MT_POSITION_Y    000005c1            
[   60747.651459] EV_ABS       ABS_MT_ORIENTATION   00000a1a            
[   60747.651459] EV_SYN       SYN_REPORT           00000000            
[   60747.656767] EV_ABS       ABS_MT_POSITION_X    000000da            
[   60747.656767] EV_ABS       ABS_MT_POSITION_Y    000005b3            
[   60747.656767] EV_ABS       ABS_MT_ORIENTATION   00000a2d            
[   60747.656767] EV_SYN       SYN_REPORT           00000000            
[   60747.662133] EV_ABS       ABS_MT_POSITION_X    000000d8            
[   60747.662133] EV_ABS       ABS_MT_POSITION_Y    000005a4            
[   60747.662133] EV_ABS       ABS_MT_ORIENTATION   00000a35            
[   60747.662133] EV_SYN       SYN_REPORT           00000000            
[   60747.667322] EV_ABS       ABS_MT_POSITION_X    000000d6            
[   60747.667322] EV_ABS       ABS_MT_POSITION_Y    00000596            
[   60747.667322] EV_ABS       ABS_MT_ORIENTATION   00000a72            
[   60747.667322] EV_SYN       SYN_REPORT           00000000            
[   60747.672526] EV_ABS       ABS_MT_POSITION_X    000000d4            
[   60747.672526] EV_ABS       ABS_MT_POSITION_Y    00000587            
[   60747.672526] EV_ABS       ABS_MT_ORIENTATION   00000b29            
[   60747.672526] EV_SYN       SYN_REPORT           00000000            
[   60747.677979] EV_ABS       ABS_MT_POSITION_X    000000d1            
[   60747.677979] EV_ABS       ABS_MT_POSITION_Y    0000057a            
[   60747.677979] EV_ABS       ABS_MT_ORIENTATION   00000ba3            
[   60747.677979] EV_SYN       SYN_REPORT           00000000            
[   60747.683232] EV_ABS       ABS_MT_POSITION_X    000000cf            
[   60747.683232] EV_ABS       ABS_MT_POSITION_Y    0000056e            
[   60747.683232] EV_ABS       ABS_MT_ORIENTATION   00000c0e            
[   60747.683232] EV_SYN       SYN_REPORT           00000000            
[   60747.688831] EV_ABS       ABS_MT_POSITION_X    000000cd            
[   60747.688831] EV_ABS       ABS_MT_POSITION_Y    00000562            
[   60747.688831] EV_ABS       ABS_MT_ORIENTATION   00000c14            
[   60747.688831] EV_SYN       SYN_REPORT           00000000            
[   60747.694127] EV_ABS       ABS_MT_POSITION_X    000000cb            
[   60747.694127] EV_ABS       ABS_MT_POSITION_Y    00000556            
[   60747.694127] EV_ABS       ABS_MT_ORIENTATION   00000c22            
[   60747.694127] EV_SYN       SYN_REPORT           00000000            
[   60747.699491] EV_ABS       ABS_MT_POSITION_X    000000c9            
[   60747.699491] EV_ABS       ABS_MT_POSITION_Y    0000054c            
[   60747.699491] EV_ABS       ABS_MT_ORIENTATION   00000c33            
[   60747.699491] EV_SYN       SYN_REPORT           00000000            
[   60747.704624] EV_ABS       ABS_MT_POSITION_X    000000c7            
[   60747.704624] EV_ABS       ABS_MT_POSITION_Y    00000544            
[   60747.704624] EV_ABS       ABS_MT_ORIENTATION   00000c43            
[   60747.704624] EV_SYN       SYN_REPORT           00000000            
[   60747.710003] EV_ABS       ABS_MT_POSITION_X    000000c5            
[   60747.710003] EV_ABS       ABS_MT_POSITION_Y    0000053c            
[   60747.710003] EV_ABS       ABS_MT_ORIENTATION   00000c53            
[   60747.710003] EV_SYN       SYN_REPORT           00000000            
[   60747.715287] EV_ABS       ABS_MT_POSITION_X    000000c2            
[   60747.715287] EV_ABS       ABS_MT_POSITION_Y    00000533            
[   60747.715287] EV_ABS       ABS_MT_TOUCH_MINOR   0000007f            
[   60747.715287] EV_ABS       ABS_MT_PRESSURE      00000039            
[   60747.715287] EV_ABS       ABS_MT_ORIENTATION   00000caf            
[   60747.715287] EV_SYN       SYN_REPORT           00000000            
[   60747.720693] EV_ABS       ABS_MT_POSITION_X    000000bd            
[   60747.720693] EV_ABS       ABS_MT_POSITION_Y    0000052a            
[   60747.720693] EV_ABS       ABS_MT_TOUCH_MAJOR   00000091            
[   60747.720693] EV_ABS       ABS_MT_TOUCH_MINOR   0000007e            
[   60747.720693] EV_ABS       ABS_MT_PRESSURE      00000038            
[   60747.720693] EV_ABS       ABS_MT_ORIENTATION   00000d66            
[   60747.720693] EV_SYN       SYN_REPORT           00000000            
[   60747.725892] EV_ABS       ABS_MT_POSITION_X    000000b9            
[   60747.725892] EV_ABS       ABS_MT_POSITION_Y    0000051f            
[   60747.725892] EV_ABS       ABS_MT_TOUCH_MAJOR   00000085            
[   60747.725892] EV_ABS       ABS_MT_TOUCH_MINOR   0000006d            
[   60747.725892] EV_ABS       ABS_MT_PRESSURE      0000002d            
[   60747.725892] EV_ABS       ABS_MT_ORIENTATION   00000caf            
[   60747.725892] EV_SYN       SYN_REPORT           00000000            
[   60747.730362] EV_ABS       ABS_MT_PRESSURE      00000000            
[   60747.730362] EV_ABS       ABS_MT_TRACKING_ID   ffffffff            
[   60747.730362] EV_ABS       ABS_MT_ORIENTATION   00000000            
[   60747.730362] EV_KEY       BTN_TOUCH            UP                  
[   60747.730362] EV_SYN       SYN_REPORT           00000000            
[   60747.881821] EV_KEY       BTN_TOUCH            DOWN                
[   60747.881821] EV_ABS       ABS_MT_TRACKING_ID   000008c1            
[   60747.881821] EV_ABS       ABS_MT_POSITION_X    000000f4            
[   60747.881821] EV_ABS       ABS_MT_POSITION_Y    00000600            
[   60747.881821] EV_ABS       ABS_MT_TOUCH_MAJOR   0000008b            
[   60747.881821] EV_ABS       ABS_MT_TOUCH_MINOR   00000069            
[   60747.881821] EV_ABS       ABS_MT_PRESSURE      0000002d            
[   60747.881821] EV_ABS       ABS_MT_ORIENTATION   fffff01d            
[   60747.881821] EV_SYN       SYN_REPORT           00000000            
[   60747.903418] EV_ABS       ABS_MT_ORIENTATION   fffff002            
[   60747.903418] EV_SYN       SYN_REPORT           00000000            
[   60747.908692] EV_ABS       ABS_MT_ORIENTATION   00000fe0            
[   60747.908692] EV_SYN       SYN_REPORT           00000000            
[   60747.914065] EV_ABS       ABS_MT_TOUCH_MINOR   0000006a            
[   60747.914065] EV_ABS       ABS_MT_ORIENTATION   00000fab            
[   60747.914065] EV_SYN       SYN_REPORT           00000000            
[   60747.919322] EV_ABS       ABS_MT_PRESSURE      0000002e            
[   60747.919322] EV_ABS       ABS_MT_ORIENTATION   00000f44            
[   60747.919322] EV_SYN       SYN_REPORT           00000000            
[   60747.924723] EV_ABS       ABS_MT_TOUCH_MAJOR   0000008c            
[   60747.924723] EV_ABS       ABS_MT_TOUCH_MINOR   0000006b            
[   60747.924723] EV_ABS       ABS_MT_ORIENTATION   00000ec5            
[   60747.924723] EV_SYN       SYN_REPORT           00000000            
[   60747.929976] EV_ABS       ABS_MT_TOUCH_MINOR   0000006c            
[   60747.929976] EV_ABS       ABS_MT_ORIENTATION   00000e0e            
[   60747.929976] EV_SYN       SYN_REPORT           00000000            
[   60747.935332] EV_ABS       ABS_MT_POSITION_Y    000005fe            
[   60747.935332] EV_ABS       ABS_MT_TOUCH_MINOR   0000006d            
[   60747.935332] EV_ABS       ABS_MT_PRESSURE      0000002f            
[   60747.935332] EV_ABS       ABS_MT_ORIENTATION   00000d5e            
[   60747.935332] EV_SYN       SYN_REPORT           00000000            
[   60747.940590] EV_ABS       ABS_MT_POSITION_Y    000005fd            
[   60747.940590] EV_ABS       ABS_MT_TOUCH_MAJOR   0000008f            
[   60747.940590] EV_ABS       ABS_MT_TOUCH_MINOR   00000071            
[   60747.940590] EV_ABS       ABS_MT_PRESSURE      00000032            
[   60747.940590] EV_ABS       ABS_MT_ORIENTATION   00000ca7            
[   60747.940590] EV_SYN       SYN_REPORT           00000000            
[   60747.945922] EV_ABS       ABS_MT_POSITION_Y    000005f8            
[   60747.945922] EV_ABS       ABS_MT_TOUCH_MAJOR   00000090            
[   60747.945922] EV_ABS       ABS_MT_TOUCH_MINOR   00000074            
[   60747.945922] EV_ABS       ABS_MT_PRESSURE      00000034            
[   60747.945922] EV_ABS       ABS_MT_ORIENTATION   00000bf1            
[   60747.945922] EV_SYN       SYN_REPORT           00000000            
[   60747.951180] EV_ABS       ABS_MT_POSITION_X    000000f2            
[   60747.951180] EV_ABS       ABS_MT_POSITION_Y    000005f1            
[   60747.951180] EV_ABS       ABS_MT_TOUCH_MAJOR   00000091            
[   60747.951180] EV_ABS       ABS_MT_TOUCH_MINOR   00000076            
[   60747.951180] EV_ABS       ABS_MT_PRESSURE      00000035            
[   60747.951180] EV_ABS       ABS_MT_ORIENTATION   00000b3a            
[   60747.951180] EV_SYN       SYN_REPORT           00000000            
[   60747.956372] EV_ABS       ABS_MT_POSITION_X    000000ef            
[   60747.956372] EV_ABS       ABS_MT_POSITION_Y    000005ea            
[   60747.956372] EV_ABS       ABS_MT_TOUCH_MAJOR   00000092            
[   60747.956372] EV_ABS       ABS_MT_TOUCH_MINOR   00000077            
[   60747.956372] EV_ABS       ABS_MT_ORIENTATION   00000a84            
[   60747.956372] EV_SYN       SYN_REPORT           00000000            
[   60747.961619] EV_ABS       ABS_MT_POSITION_X    000000ed            
[   60747.961619] EV_ABS       ABS_MT_POSITION_Y    000005e2            
[   60747.961619] EV_ABS       ABS_MT_TOUCH_MINOR   00000078            
[   60747.961619] EV_ABS       ABS_MT_PRESSURE      00000036            
[   60747.961619] EV_ABS       ABS_MT_ORIENTATION   000009cd            
[   60747.961619] EV_SYN       SYN_REPORT           00000000            
[   60747.966960] EV_ABS       ABS_MT_POSITION_X    000000eb            
[   60747.966960] EV_ABS       ABS_MT_POSITION_Y    000005d9            
[   60747.966960] EV_ABS       ABS_MT_TOUCH_MINOR   00000079            
[   60747.966960] EV_ABS       ABS_MT_ORIENTATION   00000921            
[   60747.966960] EV_SYN       SYN_REPORT           00000000            
[   60747.972436] EV_ABS       ABS_MT_POSITION_X    000000e9            
[   60747.972436] EV_ABS       ABS_MT_POSITION_Y    000005d1            
[   60747.972436] EV_ABS       ABS_MT_PRESSURE      00000037            
[   60747.972436] EV_ABS       ABS_MT_ORIENTATION   0000089c            
[   60747.972436] EV_SYN       SYN_REPORT           00000000            
[   60747.977784] EV_ABS       ABS_MT_POSITION_X    000000e7            
[   60747.977784] EV_ABS       ABS_MT_POSITION_Y    000005c6            
[   60747.977784] EV_ABS       ABS_MT_TOUCH_MAJOR   00000094            
[   60747.977784] EV_ABS       ABS_MT_TOUCH_MINOR   0000007b            
[   60747.977784] EV_ABS       ABS_MT_PRESSURE      00000038            
[   60747.977784] EV_ABS       ABS_MT_ORIENTATION   000007e5            
[   60747.977784] EV_SYN       SYN_REPORT           00000000            
[   60747.983071] EV_ABS       ABS_MT_POSITION_X    000000e5            
[   60747.983071] EV_ABS       ABS_MT_POSITION_Y    000005bc            
[   60747.983071] EV_ABS       ABS_MT_TOUCH_MAJOR   00000095            
[   60747.983071] EV_ABS       ABS_MT_TOUCH_MINOR   0000007c            
[   60747.983071] EV_ABS       ABS_MT_PRESSURE      00000039            
[   60747.983071] EV_ABS       ABS_MT_ORIENTATION   0000072f            
[   60747.983071] EV_SYN       SYN_REPORT           00000000            
[   60747.988425] EV_ABS       ABS_MT_POSITION_X    000000e2            
[   60747.988425] EV_ABS       ABS_MT_POSITION_Y    000005b0            
[   60747.988425] EV_ABS       ABS_MT_TOUCH_MINOR   0000007d            
[   60747.988425] EV_ABS       ABS_MT_ORIENTATION   000006df            
[   60747.988425] EV_SYN       SYN_REPORT           00000000            
[   60747.993677] EV_ABS       ABS_MT_POSITION_X    000000e0            
[   60747.993677] EV_ABS       ABS_MT_POSITION_Y    000005a3            
[   60747.993677] EV_SYN       SYN_REPORT           00000000            
[   60747.999061] EV_ABS       ABS_MT_POSITION_X    000000de            
[   60747.999061] EV_ABS       ABS_MT_POSITION_Y    00000597            
[   60747.999061] EV_ABS       ABS_MT_ORIENTATION   00000716            
[   60747.999061] EV_SYN       SYN_REPORT           00000000            
[   60748.004177] EV_ABS       ABS_MT_POSITION_X    000000dd            
[   60748.004177] EV_ABS       ABS_MT_POSITION_Y    0000058d            
[   60748.004177] EV_ABS       ABS_MT_ORIENTATION   0000074f            
[   60748.004177] EV_SYN       SYN_REPORT           00000000            
[   60748.009515] EV_ABS       ABS_MT_POSITION_X    000000dc            
[   60748.009515] EV_ABS       ABS_MT_POSITION_Y    00000586            
[   60748.009515] EV_ABS       ABS_MT_ORIENTATION   000007e9            
[   60748.009515] EV_SYN       SYN_REPORT           00000000            
[   60748.014807] EV_ABS       ABS_MT_POSITION_X    000000db            
[   60748.014807] EV_ABS       ABS_MT_POSITION_Y    0000057f            
[   60748.014807] EV_ABS       ABS_MT_ORIENTATION   000008a0            
[   60748.014807] EV_SYN       SYN_REPORT           00000000            
[   60748.020181] EV_ABS       ABS_MT_POSITION_Y    00000578            
[   60748.020181] EV_ABS       ABS_MT_ORIENTATION   00000956            
[   60748.020181] EV_SYN       SYN_REPORT           00000000            
[   60748.025650] EV_ABS       ABS_MT_POSITION_Y    00000574            
[   60748.025650] EV_ABS       ABS_MT_ORIENTATION   00000a0d            
[   60748.025650] EV_SYN       SYN_REPORT           00000000            
[   60748.031075] EV_ABS       ABS_MT_POSITION_Y    00000571            
[   60748.031075] EV_ABS       ABS_MT_ORIENTATION   00000ac3            
[   60748.031075] EV_SYN       SYN_REPORT           00000000            
[   60748.036263] EV_ABS       ABS_MT_POSITION_Y    0000056f            
[   60748.036263] EV_ABS       ABS_MT_ORIENTATION   00000b64            
[   60748.036263] EV_SYN       SYN_REPORT           00000000            
[   60748.041611] EV_ABS       ABS_MT_POSITION_Y    0000056e            
[   60748.041611] EV_ABS       ABS_MT_ORIENTATION   00000bbd            
[   60748.041611] EV_SYN       SYN_REPORT           00000000            
[   60748.046835] EV_ABS       ABS_MT_POSITION_Y    0000056d            
[   60748.046835] EV_ABS       ABS_MT_ORIENTATION   00000c17            
[   60748.046835] EV_SYN       SYN_REPORT           00000000            
[   60748.052174] EV_ABS       ABS_MT_ORIENTATION   00000c66            
[   60748.052174] EV_SYN       SYN_REPORT           00000000            
[   60748.057428] EV_ABS       ABS_MT_ORIENTATION   00000c83            
[   60748.057428] EV_SYN       SYN_REPORT           00000000            
[   60748.062820] EV_ABS       ABS_MT_ORIENTATION   00000cb7            
[   60748.062820] EV_SYN       SYN_REPORT           00000000            
[   60748.068050] EV_ABS       ABS_MT_ORIENTATION   00000cc6            
[   60748.068050] EV_SYN       SYN_REPORT           00000000            
[   60748.073386] EV_ABS       ABS_MT_ORIENTATION   00000cef            
[   60748.073386] EV_SYN       SYN_REPORT           00000000            
[   60748.078678] EV_ABS       ABS_MT_ORIENTATION   00000d11            
[   60748.078678] EV_SYN       SYN_REPORT           00000000            
[   60748.084010] EV_ABS       ABS_MT_ORIENTATION   00000d33            
[   60748.084010] EV_SYN       SYN_REPORT           00000000            
[   60748.089254] EV_ABS       ABS_MT_ORIENTATION   00000d49            
[   60748.089254] EV_SYN       SYN_REPORT           00000000            
[   60748.094705] EV_ABS       ABS_MT_ORIENTATION   00000d5e            
[   60748.094705] EV_SYN       SYN_REPORT           00000000            
[   60748.099903] EV_ABS       ABS_MT_ORIENTATION   00000d64            
[   60748.099903] EV_SYN       SYN_REPORT           00000000            
[   60748.105239] EV_ABS       ABS_MT_ORIENTATION   00000d79            
[   60748.105239] EV_SYN       SYN_REPORT           00000000            
[   60748.110486] EV_ABS       ABS_MT_ORIENTATION   00000d8b            
[   60748.110486] EV_SYN       SYN_REPORT           00000000            
[   60748.115818] EV_ABS       ABS_MT_ORIENTATION   00000d9d            
[   60748.115818] EV_SYN       SYN_REPORT           00000000            
[   60748.121111] EV_ABS       ABS_MT_ORIENTATION   00000db2            
[   60748.121111] EV_SYN       SYN_REPORT           00000000            
[   60748.126456] EV_ABS       ABS_MT_ORIENTATION   00000dc3            
[   60748.126456] EV_SYN       SYN_REPORT           00000000            
[   60748.131706] EV_ABS       ABS_MT_ORIENTATION   00000dc4            
[   60748.131706] EV_SYN       SYN_REPORT           00000000            
[   60748.137083] EV_ABS       ABS_MT_ORIENTATION   00000dd0            
[   60748.137083] EV_SYN       SYN_REPORT           00000000            
[   60748.142365] EV_ABS       ABS_MT_ORIENTATION   00000ddc            
[   60748.142365] EV_SYN       SYN_REPORT           00000000            
[   60748.147702] EV_ABS       ABS_MT_ORIENTATION   00000de6            
[   60748.147702] EV_SYN       SYN_REPORT           00000000            
[   60748.152945] EV_ABS       ABS_MT_ORIENTATION   00000df1            
[   60748.152945] EV_SYN       SYN_REPORT           00000000            
[   60748.158300] EV_ABS       ABS_MT_ORIENTATION   00000dfb            
[   60748.158300] EV_SYN       SYN_REPORT           00000000            
[   60748.163519] EV_ABS       ABS_MT_ORIENTATION   00000e04            
[   60748.163519] EV_SYN       SYN_REPORT           00000000            
[   60748.168897] EV_ABS       ABS_MT_ORIENTATION   00000e0f            
[   60748.168897] EV_SYN       SYN_REPORT           00000000            
[   60748.174131] EV_ABS       ABS_MT_ORIENTATION   00000e18            
[   60748.174131] EV_SYN       SYN_REPORT           00000000            
[   60748.179458] EV_ABS       ABS_MT_ORIENTATION   00000e1f            
[   60748.179458] EV_SYN       SYN_REPORT           00000000            
[   60748.184700] EV_ABS       ABS_MT_ORIENTATION   00000e27            
[   60748.184700] EV_SYN       SYN_REPORT           00000000            
[   60748.195377] EV_ABS       ABS_MT_ORIENTATION   00000e2c            
[   60748.195377] EV_SYN       SYN_REPORT           00000000            
[   60748.200706] EV_ABS       ABS_MT_ORIENTATION   00000e2d            
[   60748.200706] EV_SYN       SYN_REPORT           00000000            
[   60748.205935] EV_ABS       ABS_MT_ORIENTATION   00000e36            
[   60748.205935] EV_SYN       SYN_REPORT           00000000            
[   60748.216583] EV_ABS       ABS_MT_ORIENTATION   00000e37            
[   60748.216583] EV_SYN       SYN_REPORT           00000000            
[   60748.221806] EV_ABS       ABS_MT_ORIENTATION   00000e38            
[   60748.221806] EV_SYN       SYN_REPORT           00000000            
[   60748.227094] EV_ABS       ABS_MT_ORIENTATION   00000e39            
[   60748.227094] EV_SYN       SYN_REPORT           00000000            
[   60748.232394] EV_ABS       ABS_MT_ORIENTATION   00000e58            
[   60748.232394] EV_SYN       SYN_REPORT           00000000            
[   60748.237642] EV_ABS       ABS_MT_POSITION_Y    0000056e            
[   60748.237642] EV_ABS       ABS_MT_TOUCH_MAJOR   00000091            
[   60748.237642] EV_ABS       ABS_MT_TOUCH_MINOR   0000007b            
[   60748.237642] EV_ABS       ABS_MT_PRESSURE      00000037            
[   60748.237642] EV_ABS       ABS_MT_ORIENTATION   00000de5            
[   60748.237642] EV_SYN       SYN_REPORT           00000000            
[   60748.242037] EV_ABS       ABS_MT_PRESSURE      00000000            
[   60748.242037] EV_ABS       ABS_MT_TRACKING_ID   ffffffff            
[   60748.242037] EV_ABS       ABS_MT_ORIENTATION   00000000            
[   60748.242037] EV_KEY       BTN_TOUCH            UP                  
[   60748.242037] EV_SYN       SYN_REPORT           00000000            
