[   91345.664297] EV_KEY       BTN_TOUCH            DOWN                
[   91345.664297] EV_ABS       ABS_MT_TRACKING_ID   000008c0            
[   91345.664297] EV_ABS       ABS_MT_POSITION_X    000000ef            
[   91345.664297] EV_ABS       ABS_MT_POSITION_Y    0000069f            
[   91345.664297] EV_ABS       ABS_MT_TOUCH_MAJOR   0000007a            
[   91345.664297] EV_ABS       ABS_MT_TOUCH_MINOR   00000060            
[   91345.664297] EV_ABS       ABS_MT_PRESSURE      00000024            
[   91345.664297] EV_ABS       ABS_MT_ORIENTATION   00000cae            
[   91345.664297] EV_SYN       SYN_REPORT           00000000            
[   91345.675837] EV_ABS       ABS_MT_TOUCH_MINOR   00000061            
[   91345.675837] EV_ABS       ABS_MT_ORIENTATION   00000d1c            
[   91345.675837] EV_SYN       SYN_REPORT           00000000            
[   91345.682055] EV_ABS       ABS_MT_PRESSURE      00000025            
[   91345.682055] EV_ABS       ABS_MT_ORIENTATION   00000d68            
[   91345.682055] EV_SYN       SYN_REPORT           00000000            
[   91345.687986] EV_ABS       ABS_MT_TOUCH_MAJOR   0000007b            
[   91345.687986] EV_ABS       ABS_MT_TOUCH_MINOR   00000062            
[   91345.687986] EV_ABS       ABS_MT_ORIENTATION   00000da6            
[   91345.687986] EV_SYN       SYN_REPORT           00000000            
[   91345.693816] EV_ABS       ABS_MT_TOUCH_MAJOR   0000007c            
[   91345.693816] EV_ABS       ABS_MT_TOUCH_MINOR   00000063            
[   91345.693816] EV_ABS       ABS_MT_ORIENTATION   00000dd9            
[   91345.693816] EV_SYN       SYN_REPORT           00000000            
[   91345.699603] EV_ABS       ABS_MT_PRESSURE      00000026            
[   91345.699603] EV_ABS       ABS_MT_ORIENTATION   00000df6            
[   91345.699603] EV_SYN       SYN_REPORT           00000000            
[   91345.705332] EV_ABS       ABS_MT_TOUCH_MAJOR   0000007d            
[   91345.705332] EV_ABS       ABS_MT_TOUCH_MINOR   00000064            
[   91345.705332] EV_ABS       ABS_MT_ORIENTATION   00000e0d            
[   91345.705332] EV_SYN       SYN_REPORT           00000000            
[   91345.710762] EV_ABS       ABS_MT_PRESSURE      00000027            
[   91345.710762] EV_ABS       ABS_MT_ORIENTATION   00000e1e            
[   91345.710762] EV_SYN       SYN_REPORT           00000000            
[   91345.716434] EV_ABS       ABS_MT_TOUCH_MAJOR   0000007e            
[   91345.716434] EV_ABS       ABS_MT_TOUCH_MINOR   00000065            
[   91345.716434] EV_ABS       ABS_MT_ORIENTATION   00000e2a            
[   91345.716434] EV_SYN       SYN_REPORT           00000000            
[   91345.722489] EV_ABS       ABS_MT_ORIENTATION   00000e32            
[   91345.722489] EV_SYN       SYN_REPORT           00000000            
[   91345.728115] EV_ABS       ABS_MT_TOUCH_MAJOR   0000007f            
[   91345.728115] EV_ABS       ABS_MT_TOUCH_MINOR   00000066            
[   91345.728115] EV_ABS       ABS_MT_PRESSURE      00000028            
[   91345.728115] EV_ABS       ABS_MT_ORIENTATION   00000e39            
[   91345.728115] EV_SYN       SYN_REPORT           00000000            
[   91345.733887] EV_ABS       ABS_MT_ORIENTATION   00000e40            
[   91345.733887] EV_SYN       SYN_REPORT           00000000            
[   91345.739654] EV_ABS       ABS_MT_TOUCH_MAJOR   00000080            
[   91345.739654] EV_ABS       ABS_MT_ORIENTATION   00000e46            
[   91345.739654] EV_SYN       SYN_REPORT           00000000            
[   91345.745273] EV_ABS       ABS_MT_ORIENTATION   00000e4e            
[   91345.745273] EV_SYN       SYN_REPORT           00000000            
[   91345.751444] EV_ABS       ABS_MT_TOUCH_MINOR   00000067            
[   91345.751444] EV_ABS       ABS_MT_PRESSURE      00000029            
[   91345.751444] EV_ABS       ABS_MT_ORIENTATION   00000e55            
[   91345.751444] EV_SYN       SYN_REPORT           00000000            
[   91345.757314] EV_ABS       ABS_MT_ORIENTATION   00000e5c            
[   91345.757314] EV_SYN       SYN_REPORT           00000000            
[   91345.763260] EV_ABS       ABS_MT_TOUCH_MAJOR   00000081            
[   91345.763260] EV_ABS       ABS_MT_TOUCH_MINOR   00000068            
[   91345.763260] EV_ABS       ABS_MT_ORIENTATION   00000e5f            
[   91345.763260] EV_SYN       SYN_REPORT           00000000            
[   91345.769249] EV_ABS       ABS_MT_POSITION_Y    0000069d            
[   91345.769249] EV_ABS       ABS_MT_TOUCH_MAJOR   00000082            
[   91345.769249] EV_ABS       ABS_MT_TOUCH_MINOR   00000069            
[   91345.769249] EV_ABS       ABS_MT_PRESSURE      0000002a            
[   91345.769249] EV_SYN       SYN_REPORT           00000000            
[   91345.775112] EV_ABS       ABS_MT_TOUCH_MAJOR   00000083            
[   91345.775112] EV_ABS       ABS_MT_TOUCH_MINOR   0000006a            
[   91345.775112] EV_ABS       ABS_MT_PRESSURE      0000002b            
[   91345.775112] EV_SYN       SYN_REPORT           00000000            
[   91345.781522] EV_ABS       ABS_MT_POSITION_Y    00000699            
[   91345.781522] EV_ABS       ABS_MT_TOUCH_MAJOR   00000084            
[   91345.781522] EV_ABS       ABS_MT_TOUCH_MINOR   0000006d            
[   91345.781522] EV_ABS       ABS_MT_PRESSURE      0000002d            
[   91345.781522] EV_ABS       ABS_MT_ORIENTATION   00000df1            
[   91345.781522] EV_SYN       SYN_REPORT           00000000            
[   91345.787801] EV_ABS       ABS_MT_POSITION_Y    00000694            
[   91345.787801] EV_ABS       ABS_MT_TOUCH_MAJOR   00000088            
[   91345.787801] EV_ABS       ABS_MT_TOUCH_MINOR   00000072            
[   91345.787801] EV_ABS       ABS_MT_PRESSURE      00000030            
[   91345.787801] EV_ABS       ABS_MT_ORIENTATION   00000d5e            
[   91345.787801] EV_SYN       SYN_REPORT           00000000            
[   91345.793401] EV_ABS       ABS_MT_POSITION_Y    0000068e            
[   91345.793401] EV_ABS       ABS_MT_TOUCH_MAJOR   0000008b            
[   91345.793401] EV_ABS       ABS_MT_TOUCH_MINOR   00000077            
[   91345.793401] EV_ABS       ABS_MT_PRESSURE      00000033            
[   91345.793401] EV_ABS       ABS_MT_ORIENTATION   00000ca8            
[   91345.793401] EV_SYN       SYN_REPORT           00000000            
[   91345.799511] EV_ABS       ABS_MT_POSITION_Y    00000687            
[   91345.799511] EV_ABS       ABS_MT_TOUCH_MAJOR   0000008d            
[   91345.799511] EV_ABS       ABS_MT_TOUCH_MINOR   00000079            
[   91345.799511] EV_ABS       ABS_MT_PRESSURE      00000034            
[   91345.799511] EV_ABS       ABS_MT_ORIENTATION   00000bf1            
[   91345.799511] EV_SYN       SYN_REPORT           00000000            
[   91345.805250] EV_ABS       ABS_MT_POSITION_Y    00000680            
[   91345.805250] EV_ABS       ABS_MT_TOUCH_MAJOR   0000008e            
[   91345.805250] EV_ABS       ABS_MT_TOUCH_MINOR   0000007a            
[   91345.805250] EV_ABS       ABS_MT_PRESSURE      00000035            
[   91345.805250] EV_ABS       ABS_MT_ORIENTATION   00000b3b            
[   91345.805250] EV_SYN       SYN_REPORT           00000000            
[   91345.811064] EV_ABS       ABS_MT_POSITION_X    000000ee            
[   91345.811064] EV_ABS       ABS_MT_POSITION_Y    00000678            
[   91345.811064] EV_ABS       ABS_MT_TOUCH_MINOR   0000007b            
[   91345.811064] EV_ABS       ABS_MT_PRESSURE      00000036            
[   91345.811064] EV_ABS       ABS_MT_ORIENTATION   00000aa6            
[   91345.811064] EV_SYN       SYN_REPORT           00000000            
[   91345.816602] EV_ABS       ABS_MT_POSITION_Y    0000066f            
[   91345.816602] EV_ABS       ABS_MT_ORIENTATION   00000aac            
[   91345.816602] EV_SYN       SYN_REPORT           00000000            
[   91345.822175] EV_ABS       ABS_MT_POSITION_X    000000ed            
[   91345.822175] EV_ABS       ABS_MT_POSITION_Y    00000666            
[   91345.822175] EV_ABS       ABS_MT_ORIENTATION   00000a0a            
[   91345.822175] EV_SYN       SYN_REPORT           00000000            
[   91345.828664] EV_ABS       ABS_MT_POSITION_Y    0000065b            
[   91345.828664] EV_ABS       ABS_MT_TOUCH_MAJOR   0000008f            
[   91345.828664] EV_ABS       ABS_MT_TOUCH_MINOR   0000007c            
[   91345.828664] EV_ABS       ABS_MT_PRESSURE      00000037            
[   91345.828664] EV_ABS       ABS_MT_ORIENTATION   00000974            
[   91345.828664] EV_SYN       SYN_REPORT           00000000            
[   91345.834400] EV_ABS       ABS_MT_POSITION_Y    00000651            
[   91345.834400] EV_ABS       ABS_MT_TOUCH_MAJOR   00000091            
[   91345.834400] EV_ABS       ABS_MT_TOUCH_MINOR   0000007e            
[   91345.834400] EV_ABS       ABS_MT_PRESSURE      00000038            
[   91345.834400] EV_ABS       ABS_MT_ORIENTATION   000008be            
[   91345.834400] EV_SYN       SYN_REPORT           00000000            
[   91345.839868] EV_ABS       ABS_MT_POSITION_Y    00000644            
[   91345.839868] EV_ABS       ABS_MT_TOUCH_MAJOR   00000092            
[   91345.839868] EV_ABS       ABS_MT_TOUCH_MINOR   0000007f            
[   91345.839868] EV_ABS       ABS_MT_PRESSURE      00000039            
[   91345.839868] EV_ABS       ABS_MT_ORIENTATION   00000807            
[   91345.839868] EV_SYN       SYN_REPORT           00000000            
[   91345.845434] EV_ABS       ABS_MT_POSITION_Y    00000635            
[   91345.845434] EV_ABS       ABS_MT_PRESSURE      0000003a            
[   91345.845434] EV_ABS       ABS_MT_ORIENTATION   000007fb            
[   91345.845434] EV_SYN       SYN_REPORT           00000000            
[   91345.850833] EV_ABS       ABS_MT_POSITION_Y    00000626            
[   91345.850833] EV_ABS       ABS_MT_ORIENTATION   00000847            
[   91345.850833] EV_SYN       SYN_REPORT           00000000            
[   91345.856396] EV_ABS       ABS_MT_POSITION_X    000000eb            
[   91345.856396] EV_ABS       ABS_MT_POSITION_Y    00000619            
[   91345.856396] EV_ABS       ABS_MT_ORIENTATION   000008fd            
[   91345.856396] EV_SYN       SYN_REPORT           00000000            
[   91345.862055] EV_ABS       ABS_MT_POSITION_X    000000ea            
[   91345.862055] EV_ABS       ABS_MT_POSITION_Y    0000060e            
[   91345.862055] EV_ABS       ABS_MT_ORIENTATION   000009ac            
[   91345.862055] EV_SYN       SYN_REPORT           00000000            
[   91345.867698] EV_ABS       ABS_MT_POSITION_X    000000e9            
[   91345.867698] EV_ABS       ABS_MT_POSITION_Y    00000602            
[   91345.867698] EV_ABS       ABS_MT_ORIENTATION   000009ba            
[   91345.867698] EV_SYN       SYN_REPORT           00000000            
[   91345.873287] EV_ABS       ABS_MT_POSITION_X    000000e8            
[   91345.873287] EV_ABS       ABS_MT_POSITION_Y    000005f6            
[   91345.873287] EV_ABS       ABS_MT_TOUCH_MINOR   00000080            
[   91345.873287] EV_SYN       SYN_REPORT           00000000            
[   91345.878960] EV_ABS       ABS_MT_POSITION_X    000000e6            
[   91345.878960] EV_ABS       ABS_MT_POSITION_Y    000005e9            
[   91345.878960] EV_SYN       SYN_REPORT           00000000            
[   91345.884556] EV_ABS       ABS_MT_POSITION_X    000000e3            
[   91345.884556] EV_ABS       ABS_MT_POSITION_Y    000005dc            
[   91345.884556] EV_ABS       ABS_MT_ORIENTATION   000009c6            
[   91345.884556] EV_SYN       SYN_REPORT           00000000            
[   91345.890238] EV_ABS       ABS_MT_POSITION_X    000000df            
[   91345.890238] EV_ABS       ABS_MT_POSITION_Y    000005ce            
[   91345.890238] EV_ABS       ABS_MT_ORIENTATION   00000a15            
[   91345.890238] EV_SYN       SYN_REPORT           00000000            
[   91345.895972] EV_ABS       ABS_MT_POSITION_X    000000dc            
[   91345.895972] EV_ABS       ABS_MT_POSITION_Y    000005c1            
[   91345.895972] EV_ABS       ABS_MT_ORIENTATION   00000a1a            
[   91345.895972] EV_SYN       SYN_REPORT           00000000            
[   91345.901646] EV_ABS       ABS_MT_POSITION_X    000000da            
[   91345.901646] EV_ABS       ABS_MT_POSITION_Y    000005b3            
[   91345.901646] EV_ABS       ABS_MT_ORIENTATION   00000a2d            
[   91345.901646] EV_SYN       SYN_REPORT           00000000            
[   91345.907314] EV_ABS       ABS_MT_POSITION_X    000000d8            
[   91345.907314] EV_ABS       ABS_MT_POSITION_Y    000005a4            
[   91345.907314] EV_ABS       ABS_MT_ORIENTATION   00000a35            
[   91345.907314] EV_SYN       SYN_REPORT           00000000            
[   91345.912766] EV_ABS       ABS_MT_POSITION_X    000000d6            
[   91345.912766] EV_ABS       ABS_MT_POSITION_Y    00000596            
[   91345.912766] EV_ABS       ABS_MT_ORIENTATION   00000a72            
[   91345.912766] EV_SYN       SYN_REPORT           00000000            
[   91345.918279] EV_ABS       ABS_MT_POSITION_X    000000d4            
[   91345.918279] EV_ABS       ABS_MT_POSITION_Y    00000587            
[   91345.918279] EV_ABS       ABS_MT_ORIENTATION   00000b29            
[   91345.918279] EV_SYN       SYN_REPORT           00000000            
[   91345.924202] EV_ABS       ABS_MT_POSITION_X    000000d1            
[   91345.924202] EV_ABS       ABS_MT_POSITION_Y    0000057a            
[   91345.924202] EV_ABS       ABS_MT_ORIENTATION   00000ba3            
[   91345.924202] EV_SYN       SYN_REPORT           00000000            
[   91345.929727] EV_ABS       ABS_MT_POSITION_X    000000cf            
[   91345.929727] EV_ABS       ABS_MT_POSITION_Y    0000056e            
[   91345.929727] EV_ABS       ABS_MT_ORIENTATION   00000c0e            
[   91345.929727] EV_SYN       SYN_REPORT           00000000            
[   91345.935658] EV_ABS       ABS_MT_POSITION_X    000000cd            
[   91345.935658] EV_ABS       ABS_MT_POSITION_Y    00000562            
[   91345.935658] EV_ABS       ABS_MT_ORIENTATION   00000c14            
[   91345.935658] EV_SYN       SYN_REPORT           00000000            
[   91345.941231] EV_ABS       ABS_MT_POSITION_X    000000cb            
[   91345.941231] EV_ABS       ABS_MT_POSITION_Y    00000556            
[   91345.941231] EV_ABS       ABS_MT_ORIENTATION   00000c22            
[   91345.941231] EV_SYN       SYN_REPORT           00000000            
[   91345.947247] EV_ABS       ABS_MT_POSITION_X    000000c9            
[   91345.947247] EV_ABS       ABS_MT_POSITION_Y    0000054c            
[   91345.947247] EV_ABS       ABS_MT_ORIENTATION   00000c33            
[   91345.947247] EV_SYN       SYN_REPORT           00000000            
[   91345.952758] EV_ABS       ABS_MT_POSITION_X    000000c7            
[   91345.952758] EV_ABS       ABS_MT_POSITION_Y    00000544            
[   91345.952758] EV_ABS       ABS_MT_ORIENTATION   00000c43            
[   91345.952758] EV_SYN       SYN_REPORT           00000000            
[   91345.963315] EV_ABS       ABS_MT_POSITION_X    000000c5            
[   91345.963315] EV_ABS       ABS_MT_POSITION_Y    0000053c            
[   91345.963315] EV_ABS       ABS_MT_ORIENTATION   00000c53            
[   91345.963315] EV_SYN       SYN_REPORT           00000000            
[   91345.969140] EV_ABS       ABS_MT_POSITION_X    000000c2            
[   91345.969140] EV_ABS       ABS_MT_POSITION_Y    00000533            
[   91345.969140] EV_ABS       ABS_MT_TOUCH_MINOR   0000007f            
[   91345.969140] EV_ABS       ABS_MT_PRESSURE      00000039            
[   91345.969140] EV_ABS       ABS_MT_ORIENTATION   00000caf            
[   91345.969140] EV_SYN       SYN_REPORT           00000000            
[   91345.975478] EV_ABS       ABS_MT_POSITION_X    000000bd            
[   91345.975478] EV_ABS       ABS_MT_POSITION_Y    0000052a            
[   91345.975478] EV_ABS       ABS_MT_TOUCH_MAJOR   00000091            
[   91345.975478] EV_ABS       ABS_MT_TOUCH_MINOR   0000007e            
[   91345.975478] EV_ABS       ABS_MT_PRESSURE      00000038            
[   91345.975478] EV_ABS       ABS_MT_ORIENTATION   00000d66            
[   91345.975478] EV_SYN       SYN_REPORT           00000000            
[   91345.981394] EV_ABS       ABS_MT_POSITION_X    000000b9            
[   91345.981394] EV_ABS       ABS_MT_POSITION_Y    0000051f            
[   91345.981394] EV_ABS       ABS_MT_TOUCH_MAJOR   00000085            
[   91345.981394] EV_ABS       ABS_MT_TOUCH_MINOR   0000006d            
[   91345.981394] EV_ABS       ABS_MT_PRESSURE      0000002d            
[   91345.981394] EV_ABS       ABS_MT_ORIENTATION   00000caf            
[   91345.981394] EV_SYN       SYN_REPORT           00000000            
[   91345.986282] EV_ABS       ABS_MT_PRESSURE      00000000            
[   91345.986282] EV_ABS       ABS_MT_TRACKING_ID   ffffffff            
[   91345.986282] EV_ABS       ABS_MT_ORIENTATION   00000000            
[   91345.986282] EV_KEY       BTN_TOUCH            UP                  
[   91345.986282] EV_SYN       SYN_REPORT           00000000            
[   91346.138085] EV_KEY       BTN_TOUCH            DOWN                
[   91346.138085] EV_ABS       ABS_MT_TRACKING_ID   000008c1            
[   91346.138085] EV_ABS       ABS_MT_POSITION_X    000000f4            
[   91346.138085] EV_ABS       ABS_MT_POSITION_Y    00000600            
[   91346.138085] EV_ABS       ABS_MT_TOUCH_MAJOR   0000008b            
[   91346.138085] EV_ABS       ABS_MT_TOUCH_MINOR   00000069            
[   91346.138085] EV_ABS       ABS_MT_PRESSURE      0000002d            
[   91346.138085] EV_ABS       ABS_MT_ORIENTATION   fffff01d            
[   91346.138085] EV_SYN       SYN_REPORT           00000000            
[   91346.160869] EV_ABS       ABS_MT_ORIENTATION   fffff002            
[   91346.160869] EV_SYN       SYN_REPORT           00000000            
[   91346.166546] EV_ABS       ABS_MT_ORIENTATION   00000fe0            
[   91346.166546] EV_SYN       SYN_REPORT           00000000            
[   91346.172484] EV_ABS       ABS_MT_TOUCH_MINOR   0000006a            
[   91346.172484] EV_ABS       ABS_MT_ORIENTATION   00000fab            
[   91346.172484] EV_SYN       SYN_REPORT           00000000            
[   91346.178480] EV_ABS       ABS_MT_PRESSURE      0000002e            
[   91346.178480] EV_ABS       ABS_MT_ORIENTATION   00000f44            
[   91346.178480] EV_SYN       SYN_REPORT           00000000            
[   91346.184611] EV_ABS       ABS_MT_TOUCH_MAJOR   0000008c            
[   91346.184611] EV_ABS       ABS_MT_TOUCH_MINOR   0000006b            
[   91346.184611] EV_ABS       ABS_MT_ORIENTATION   00000ec5            
[   91346.184611] EV_SYN       SYN_REPORT           00000000            
[   91346.190220] EV_ABS       ABS_MT_TOUCH_MINOR   0000006c            
[   91346.190220] EV_ABS       ABS_MT_ORIENTATION   00000e0e            
[   91346.190220] EV_SYN       SYN_REPORT           00000000            
[   91346.195867] EV_ABS       ABS_MT_POSITION_Y    000005fe            
[   91346.195867] EV_ABS       ABS_MT_TOUCH_MINOR   0000006d            
[   91346.195867] EV_ABS       ABS_MT_PRESSURE      0000002f            
[   91346.195867] EV_ABS       ABS_MT_ORIENTATION   00000d5e            
[   91346.195867] EV_SYN       SYN_REPORT           00000000            
[   91346.201354] EV_ABS       ABS_MT_POSITION_Y    000005fd            
[   91346.201354] EV_ABS       ABS_MT_TOUCH_MAJOR   0000008f            
[   91346.201354] EV_ABS       ABS_MT_TOUCH_MINOR   00000071            
[   91346.201354] EV_ABS       ABS_MT_PRESSURE      00000032            
[   91346.201354] EV_ABS       ABS_MT_ORIENTATION   00000ca7            
[   91346.201354] EV_SYN       SYN_REPORT           00000000            
[   91346.206962] EV_ABS       ABS_MT_POSITION_Y    000005f8            
[   91346.206962] EV_ABS       ABS_MT_TOUCH_MAJOR   00000090            
[   91346.206962] EV_ABS       ABS_MT_TOUCH_MINOR   00000074            
[   91346.206962] EV_ABS       ABS_MT_PRESSURE      00000034            
[   91346.206962] EV_ABS       ABS_MT_ORIENTATION   00000bf1            
[   91346.206962] EV_SYN       SYN_REPORT           00000000            
[   91346.213345] EV_ABS       ABS_MT_POSITION_X    000000f2            
[   91346.213345] EV_ABS       ABS_MT_POSITION_Y    000005f1            
[   91346.213345] EV_ABS       ABS_MT_TOUCH_MAJOR   00000091            
[   91346.213345] EV_ABS       ABS_MT_TOUCH_MINOR   00000076            
[   91346.213345] EV_ABS       ABS_MT_PRESSURE      00000035            
[   91346.213345] EV_ABS       ABS_MT_ORIENTATION   00000b3a            
[   91346.213345] EV_SYN       SYN_REPORT           00000000            
[   91346.219161] EV_ABS       ABS_MT_POSITION_X    000000ef            
[   91346.219161] EV_ABS       ABS_MT_POSITION_Y    000005ea            
[   91346.219161] EV_ABS       ABS_MT_TOUCH_MAJOR   00000092            
[   91346.219161] EV_ABS       ABS_MT_TOUCH_MINOR   00000077            
[   91346.219161] EV_ABS       ABS_MT_ORIENTATION   00000a84            
[   91346.219161] EV_SYN       SYN_REPORT           00000000            
[   91346.224858] EV_ABS       ABS_MT_POSITION_X    000000ed            
[   91346.224858] EV_ABS       ABS_MT_POSITION_Y    000005e2            
[   91346.224858] EV_ABS       ABS_MT_TOUCH_MINOR   00000078            
[   91346.224858] EV_ABS       ABS_MT_PRESSURE      00000036            
[   91346.224858] EV_ABS       ABS_MT_ORIENTATION   000009cd            
[   91346.224858] EV_SYN       SYN_REPORT           00000000            
[   91346.230502] EV_ABS       ABS_MT_POSITION_X    000000eb            
[   91346.230502] EV_ABS       ABS_MT_POSITION_Y    000005d9            
[   91346.230502] EV_ABS       ABS_MT_TOUCH_MINOR   00000079            
[   91346.230502] EV_ABS       ABS_MT_ORIENTATION   00000921            
[   91346.230502] EV_SYN       SYN_REPORT           00000000            
[   91346.236222] EV_ABS       ABS_MT_POSITION_X    000000e9            
[   91346.236222] EV_ABS       ABS_MT_POSITION_Y    000005d1            
[   91346.236222] EV_ABS       ABS_MT_PRESSURE      00000037            
[   91346.236222] EV_ABS       ABS_MT_ORIENTATION   0000089c            
[   91346.236222] EV_SYN       SYN_REPORT           00000000            
[   91346.242211] EV_ABS       ABS_MT_POSITION_X    000000e7            
[   91346.242211] EV_ABS       ABS_MT_POSITION_Y    000005c6            
[   91346.242211] EV_ABS       ABS_MT_TOUCH_MAJOR   00000094            
[   91346.242211] EV_ABS       ABS_MT_TOUCH_MINOR   0000007b            
[   91346.242211] EV_ABS       ABS_MT_PRESSURE      00000038            
[   91346.242211] EV_ABS       ABS_MT_ORIENTATION   000007e5            
[   91346.242211] EV_SYN       SYN_REPORT           00000000            
[   91346.248187] EV_ABS       ABS_MT_POSITION_X    000000e5            
[   91346.248187] EV_ABS       ABS_MT_POSITION_Y    000005bc            
[   91346.248187] EV_ABS       ABS_MT_TOUCH_MAJOR   00000095            
[   91346.248187] EV_ABS       ABS_MT_TOUCH_MINOR   0000007c            
[   91346.248187] EV_ABS       ABS_MT_PRESSURE      00000039            
[   91346.248187] EV_ABS       ABS_MT_ORIENTATION   0000072f            
[   91346.248187] EV_SYN       SYN_REPORT           00000000            
[   91346.254223] EV_ABS       ABS_MT_POSITION_X    000000e2            
[   91346.254223] EV_ABS       ABS_MT_POSITION_Y    000005b0            
[   91346.254223] EV_ABS       ABS_MT_TOUCH_MINOR   0000007d            
[   91346.254223] EV_ABS       ABS_MT_ORIENTATION   000006df            
[   91346.254223] EV_SYN       SYN_REPORT           00000000            
[   91346.259815] EV_ABS       ABS_MT_POSITION_X    000000e0            
[   91346.259815] EV_ABS       ABS_MT_POSITION_Y    000005a3            
[   91346.259815] EV_SYN       SYN_REPORT           00000000            
[   91346.265439] EV_ABS       ABS_MT_POSITION_X    000000de            
[   91346.265439] EV_ABS       ABS_MT_POSITION_Y    00000597            
[   91346.265439] EV_ABS       ABS_MT_ORIENTATION   00000716            
[   91346.265439] EV_SYN       SYN_REPORT           00000000            
[   91346.270906] EV_ABS       ABS_MT_POSITION_X    000000dd            
[   91346.270906] EV_ABS       ABS_MT_POSITION_Y    0000058d            
[   91346.270906] EV_ABS       ABS_MT_ORIENTATION   0000074f            
[   91346.270906] EV_SYN       SYN_REPORT           00000000            
[   91346.276621] EV_ABS       ABS_MT_POSITION_X    000000dc            
[   91346.276621] EV_ABS       ABS_MT_POSITION_Y    00000586            
[   91346.276621] EV_ABS       ABS_MT_ORIENTATION   000007e9            
[   91346.276621] EV_SYN       SYN_REPORT           00000000            
[   91346.282358] EV_ABS       ABS_MT_POSITION_X    000000db            
[   91346.282358] EV_ABS       ABS_MT_POSITION_Y    0000057f            
[   91346.282358] EV_ABS       ABS_MT_ORIENTATION   000008a0            
[   91346.282358] EV_SYN       SYN_REPORT           00000000            
[   91346.288171] EV_ABS       ABS_MT_POSITION_Y    00000578            
[   91346.288171] EV_ABS       ABS_MT_ORIENTATION   00000956            
[   91346.288171] EV_SYN       SYN_REPORT           00000000            
[   91346.294328] EV_ABS       ABS_MT_POSITION_Y    00000574            
[   91346.294328] EV_ABS       ABS_MT_ORIENTATION   00000a0d            
[   91346.294328] EV_SYN       SYN_REPORT           00000000            
[   91346.300175] EV_ABS       ABS_MT_POSITION_Y    00000571            
[   91346.300175] EV_ABS       ABS_MT_ORIENTATION   00000ac3            
[   91346.300175] EV_SYN       SYN_REPORT           00000000            
[   91346.305949] EV_ABS       ABS_MT_POSITION_Y    0000056f            
[   91346.305949] EV_ABS       ABS_MT_ORIENTATION   00000b64            
[   91346.305949] EV_SYN       SYN_REPORT           00000000            
[   91346.311581] EV_ABS       ABS_MT_POSITION_Y    0000056e            
[   91346.311581] EV_ABS       ABS_MT_ORIENTATION   00000bbd            
[   91346.311581] EV_SYN       SYN_REPORT           00000000            
[   91346.317033] EV_ABS       ABS_MT_POSITION_Y    0000056d            
[   91346.317033] EV_ABS       ABS_MT_ORIENTATION   00000c17            
[   91346.317033] EV_SYN       SYN_REPORT           00000000            
[   91346.322639] EV_ABS       ABS_MT_ORIENTATION   00000c66            
[   91346.322639] EV_SYN       SYN_REPORT           00000000            
[   91346.328167] EV_ABS       ABS_MT_ORIENTATION   00000c83            
[   91346.328167] EV_SYN       SYN_REPORT           00000000            
[   91346.334074] EV_ABS       ABS_MT_ORIENTATION   00000cb7            
[   91346.334074] EV_SYN       SYN_REPORT           00000000            
[   91346.339932] EV_ABS       ABS_MT_ORIENTATION   00000cc6            
[   91346.339932] EV_SYN       SYN_REPORT           00000000            
[   91346.345810] EV_ABS       ABS_MT_ORIENTATION   00000cef            
[   91346.345810] EV_SYN       SYN_REPORT           00000000            
[   91346.351338] EV_ABS       ABS_MT_ORIENTATION   00000d11            
[   91346.351338] EV_SYN       SYN_REPORT           00000000            
[   91346.357649] EV_ABS       ABS_MT_ORIENTATION   00000d33            
[   91346.357649] EV_SYN       SYN_REPORT           00000000            
[   91346.363239] EV_ABS       ABS_MT_ORIENTATION   00000d49            
[   91346.363239] EV_SYN       SYN_REPORT           00000000            
[   91346.369053] EV_ABS       ABS_MT_ORIENTATION   00000d5e            
[   91346.369053] EV_SYN       SYN_REPORT           00000000            
[   91346.374557] EV_ABS       ABS_MT_ORIENTATION   00000d64            
[   91346.374557] EV_SYN       SYN_REPORT           00000000            
[   91346.380494] EV_ABS       ABS_MT_ORIENTATION   00000d79            
[   91346.380494] EV_SYN       SYN_REPORT           00000000            
[   91346.386159] EV_ABS       ABS_MT_ORIENTATION   00000d8b            
[   91346.386159] EV_SYN       SYN_REPORT           00000000            
[   91346.391836] EV_ABS       ABS_MT_ORIENTATION   00000d9d            
[   91346.391836] EV_SYN       SYN_REPORT           00000000            
[   91346.397499] EV_ABS       ABS_MT_ORIENTATION   00000db2            
[   91346.397499] EV_SYN       SYN_REPORT           00000000            
[   91346.403366] EV_ABS       ABS_MT_ORIENTATION   00000dc3            
[   91346.403366] EV_SYN       SYN_REPORT           00000000            
[   91346.408947] EV_ABS       ABS_MT_ORIENTATION   00000dc4            
[   91346.408947] EV_SYN       SYN_REPORT           00000000            
[   91346.414696] EV_ABS       ABS_MT_ORIENTATION   00000dd0            
[   91346.414696] EV_SYN       SYN_REPORT           00000000            
[   91346.420486] EV_ABS       ABS_MT_ORIENTATION   00000ddc            
[   91346.420486] EV_SYN       SYN_REPORT           00000000            
[   91346.426554] EV_ABS       ABS_MT_ORIENTATION   00000de6            
[   91346.426554] EV_SYN       SYN_REPORT           00000000            
[   91346.432326] EV_ABS       ABS_MT_ORIENTATION   00000df1            
[   91346.432326] EV_SYN       SYN_REPORT           00000000            
[   91346.438290] EV_ABS       ABS_MT_ORIENTATION   00000dfb            
[   91346.438290] EV_SYN       SYN_REPORT           00000000            
[   91346.444169] EV_ABS       ABS_MT_ORIENTATION   00000e04            
[   91346.444169] EV_SYN       SYN_REPORT           00000000            
[   91346.449997] EV_ABS       ABS_MT_ORIENTATION   00000e0f            
[   91346.449997] EV_SYN       SYN_REPORT           00000000            
[   91346.455777] EV_ABS       ABS_MT_ORIENTATION   00000e18            
[   91346.455777] EV_SYN       SYN_REPORT           00000000            
[   91346.462083] EV_ABS       ABS_MT_ORIENTATION   00000e1f            
[   91346.462083] EV_SYN       SYN_REPORT           00000000            
[   91346.467731] EV_ABS       ABS_MT_ORIENTATION   00000e27            
[   91346.467731] EV_SYN       SYN_REPORT           00000000            
[   91346.478916] EV_ABS       ABS_MT_ORIENTATION   00000e2c            
[   91346.478916] EV_SYN       SYN_REPORT           00000000            
[   91346.485421] EV_ABS       ABS_MT_ORIENTATION   00000e2d            
[   91346.485421] EV_SYN       SYN_REPORT           00000000            
[   91346.491097] EV_ABS       ABS_MT_ORIENTATION   00000e36            
[   91346.491097] EV_SYN       SYN_REPORT           00000000            
[   91346.502477] EV_ABS       ABS_MT_ORIENTATION   00000e37            
[   91346.502477] EV_SYN       SYN_REPORT           00000000            
[   91346.508332] EV_ABS       ABS_MT_ORIENTATION   00000e38            
[   91346.508332] EV_SYN       SYN_REPORT           00000000            
[   91346.513937] EV_ABS       ABS_MT_ORIENTATION   00000e39            
[   91346.513937] EV_SYN       SYN_REPORT           00000000            
[   91346.519758] EV_ABS       ABS_MT_ORIENTATION   00000e58            
[   91346.519758] EV_SYN       SYN_REPORT           00000000            
[   91346.525338] EV_ABS       ABS_MT_POSITION_Y    0000056e            
[   91346.525338] EV_ABS       ABS_MT_TOUCH_MAJOR   00000091            
[   91346.525338] EV_ABS       ABS_MT_TOUCH_MINOR   0000007b            
[   91346.525338] EV_ABS       ABS_MT_PRESSURE      00000037            
[   91346.525338] EV_ABS       ABS_MT_ORIENTATION   00000de5            
[   91346.525338] EV_SYN       SYN_REPORT           00000000            
[   91346.530068] EV_ABS       ABS_MT_PRESSURE      00000000            
[   91346.530068] EV_ABS       ABS_MT_TRACKING_ID   ffffffff            
[   91346.530068] EV_ABS       ABS_MT_ORIENTATION   00000000            
[   91346.530068] EV_KEY       BTN_TOUCH            UP                  
[   91346.530068] EV_SYN       SYN_REPORT           00000000            
